[bootstrapdemos.wrappixel.com/materialpro/dist/assets/images/logos/favicon.png]
[backblue.gif]
[fade.gif]
[index.html]
[bootstrapdemos.wrappixel.com/materialpro/dist/assets/images/backgrounds/user-info.jpg]
[bootstrapdemos.wrappixel.com/materialpro/dist/assets/images/profile/user-1.jpg]
[bootstrapdemos.wrappixel.com/materialpro/dist/assets/css/styles.css]
[bootstrapdemos.wrappixel.com/materialpro/dist/main/page-user-profile.html]
[bootstrapdemos.wrappixel.com/materialpro/dist/main/app-notes.html]
[bootstrapdemos.wrappixel.com/materialpro/dist/main/app-email.html]
[bootstrapdemos.wrappixel.com/materialpro/dist/main/page-account-settings.html]
[bootstrapdemos.wrappixel.com/materialpro/dist/main/authentication-login.html]
[bootstrapdemos.wrappixel.com/materialpro/dist/main/index2.html]
[bootstrapdemos.wrappixel.com/materialpro/dist/main/index3.html]
[bootstrapdemos.wrappixel.com/materialpro/dist/main/index4.html]
[bootstrapdemos.wrappixel.com/materialpro/dist/main/index5.html]
[bootstrapdemos.wrappixel.com/materialpro/dist/main/index6.html]
[bootstrapdemos.wrappixel.com/materialpro/dist/main/app-calendar.html]
[bootstrapdemos.wrappixel.com/materialpro/dist/main/app-kanban.html]
[bootstrapdemos.wrappixel.com/materialpro/dist/main/app-chat.html]
[bootstrapdemos.wrappixel.com/materialpro/dist/main/app-contact.html]
[bootstrapdemos.wrappixel.com/materialpro/dist/main/app-contact2.html]
[bootstrapdemos.wrappixel.com/materialpro/dist/main/app-invoice.html]
[bootstrapdemos.wrappixel.com/materialpro/dist/main/blog-posts.html]
[bootstrapdemos.wrappixel.com/materialpro/dist/main/eco-shop.html]
[bootstrapdemos.wrappixel.com/materialpro/dist/main/blog-detail.html]
[bootstrapdemos.wrappixel.com/materialpro/dist/main/eco-shop-detail.html]
[bootstrapdemos.wrappixel.com/materialpro/dist/main/eco-product-list.html]
[bootstrapdemos.wrappixel.com/materialpro/dist/main/eco-add-product.html]
[bootstrapdemos.wrappixel.com/materialpro/dist/main/eco-checkout.html]
[bootstrapdemos.wrappixel.com/materialpro/dist/main/eco-edit-product.html]
[bootstrapdemos.wrappixel.com/materialpro/dist/main/page-pricing.html]
[bootstrapdemos.wrappixel.com/materialpro/dist/main/page-faq.html]
[bootstrapdemos.wrappixel.com/materialpro/dist/main/widgets-cards.html]
[bootstrapdemos.wrappixel.com/materialpro/dist/main/widgets-banners.html]
[bootstrapdemos.wrappixel.com/materialpro/dist/main/widgets-apps.html]
[bootstrapdemos.wrappixel.com/materialpro/dist/main/widgets-charts.html]
[bootstrapdemos.wrappixel.com/materialpro/dist/main/widgets-feeds.html]
[bootstrapdemos.wrappixel.com/materialpro/dist/main/widgets-data.html]
[bootstrapdemos.wrappixel.com/materialpro/dist/main/ui-badge.html]
[bootstrapdemos.wrappixel.com/materialpro/dist/main/ui-accordian.html]
[bootstrapdemos.wrappixel.com/materialpro/dist/main/ui-buttons.html]
[bootstrapdemos.wrappixel.com/materialpro/dist/main/ui-dropdowns.html]
[bootstrapdemos.wrappixel.com/materialpro/dist/main/ui-tab.html]
[bootstrapdemos.wrappixel.com/materialpro/dist/main/ui-modals.html]
[bootstrapdemos.wrappixel.com/materialpro/dist/main/ui-tooltip-popover.html]
[bootstrapdemos.wrappixel.com/materialpro/dist/main/ui-progressbar.html]
[bootstrapdemos.wrappixel.com/materialpro/dist/main/ui-pagination.html]
[bootstrapdemos.wrappixel.com/materialpro/dist/main/ui-typography.html]
[bootstrapdemos.wrappixel.com/materialpro/dist/main/ui-bootstrap-ui.html]
[bootstrapdemos.wrappixel.com/materialpro/dist/main/ui-breadcrumb.html]
[bootstrapdemos.wrappixel.com/materialpro/dist/main/ui-offcanvas.html]
[bootstrapdemos.wrappixel.com/materialpro/dist/main/ui-lists.html]
[bootstrapdemos.wrappixel.com/materialpro/dist/main/ui-grid.html]
[bootstrapdemos.wrappixel.com/materialpro/dist/main/ui-carousel.html]
[bootstrapdemos.wrappixel.com/materialpro/dist/main/ui-scrollspy.html]
[bootstrapdemos.wrappixel.com/materialpro/dist/main/ui-spinner.html]
[bootstrapdemos.wrappixel.com/materialpro/dist/main/ui-link.html]
[bootstrapdemos.wrappixel.com/materialpro/dist/main/ui-cards.html]
[bootstrapdemos.wrappixel.com/materialpro/dist/main/ui-notification.html]
[bootstrapdemos.wrappixel.com/materialpro/dist/main/ui-card-customs.html]
[bootstrapdemos.wrappixel.com/materialpro/dist/main/ui-card-weather.html]
[bootstrapdemos.wrappixel.com/materialpro/dist/main/ui-card-draggable.html]
[bootstrapdemos.wrappixel.com/materialpro/dist/main/component-nestable.html]
[bootstrapdemos.wrappixel.com/materialpro/dist/main/component-noui-slider.html]
[bootstrapdemos.wrappixel.com/materialpro/dist/main/component-sweetalert.html]
[bootstrapdemos.wrappixel.com/materialpro/dist/main/component-rating.html]
[bootstrapdemos.wrappixel.com/materialpro/dist/main/component-toastr.html]
[bootstrapdemos.wrappixel.com/materialpro/dist/main/form-inputs.html]
[bootstrapdemos.wrappixel.com/materialpro/dist/main/form-input-groups.html]
[bootstrapdemos.wrappixel.com/materialpro/dist/main/form-input-grid.html]
[bootstrapdemos.wrappixel.com/materialpro/dist/main/form-checkbox-radio.html]
[bootstrapdemos.wrappixel.com/materialpro/dist/main/form-bootstrap-switch.html]
[bootstrapdemos.wrappixel.com/materialpro/dist/main/form-select2.html]
[bootstrapdemos.wrappixel.com/materialpro/dist/main/form-dropzone.html]
[bootstrapdemos.wrappixel.com/materialpro/dist/main/form-mask.html]
[bootstrapdemos.wrappixel.com/materialpro/dist/main/form-custom-validation.html]
[bootstrapdemos.wrappixel.com/materialpro/dist/main/form-bootstrap-validation.html]
[bootstrapdemos.wrappixel.com/materialpro/dist/main/form-picker-colorpicker.html]
[bootstrapdemos.wrappixel.com/materialpro/dist/main/form-typeahead.html]
[bootstrapdemos.wrappixel.com/materialpro/dist/main/form-picker-bootstrap-rangepicker.html]
[bootstrapdemos.wrappixel.com/materialpro/dist/main/form-picker-bootstrap-datepicker.html]
[bootstrapdemos.wrappixel.com/materialpro/dist/main/form-picker-material-datepicker.html]
[bootstrapdemos.wrappixel.com/materialpro/dist/main/form-editor-quill.html]
[bootstrapdemos.wrappixel.com/materialpro/dist/main/form-editor-tinymce.html]
[bootstrapdemos.wrappixel.com/materialpro/dist/main/form-basic.html]
[bootstrapdemos.wrappixel.com/materialpro/dist/main/form-vertical.html]
[bootstrapdemos.wrappixel.com/materialpro/dist/main/form-horizontal.html]
[bootstrapdemos.wrappixel.com/materialpro/dist/main/form-actions.html]
[bootstrapdemos.wrappixel.com/materialpro/dist/main/form-row-separator.html]
[bootstrapdemos.wrappixel.com/materialpro/dist/main/form-bordered.html]
[bootstrapdemos.wrappixel.com/materialpro/dist/main/form-detail.html]
[bootstrapdemos.wrappixel.com/materialpro/dist/main/form-striped-row.html]
[bootstrapdemos.wrappixel.com/materialpro/dist/main/form-floating-input.html]
[bootstrapdemos.wrappixel.com/materialpro/dist/main/form-wizard.html]
[bootstrapdemos.wrappixel.com/materialpro/dist/main/form-repeater.html]
[bootstrapdemos.wrappixel.com/materialpro/dist/main/table-basic.html]
[bootstrapdemos.wrappixel.com/materialpro/dist/main/table-sizing.html]
[bootstrapdemos.wrappixel.com/materialpro/dist/main/table-dark-basic.html]
[bootstrapdemos.wrappixel.com/materialpro/dist/main/table-layout-coloured.html]
[bootstrapdemos.wrappixel.com/materialpro/dist/main/table-datatable-api.html]
[bootstrapdemos.wrappixel.com/materialpro/dist/main/table-datatable-basic.html]
[bootstrapdemos.wrappixel.com/materialpro/dist/main/table-datatable-advanced.html]
[bootstrapdemos.wrappixel.com/materialpro/dist/main/chart-apex-line.html]
[bootstrapdemos.wrappixel.com/materialpro/dist/main/chart-apex-area.html]
[bootstrapdemos.wrappixel.com/materialpro/dist/main/chart-apex-radial.html]
[bootstrapdemos.wrappixel.com/materialpro/dist/main/chart-apex-bar.html]
[bootstrapdemos.wrappixel.com/materialpro/dist/main/chart-apex-radar.html]
[bootstrapdemos.wrappixel.com/materialpro/dist/main/chart-apex-pie.html]
[bootstrapdemos.wrappixel.com/materialpro/dist/main/pages-animation.html]
[bootstrapdemos.wrappixel.com/materialpro/dist/main/pages-search-result.html]
[bootstrapdemos.wrappixel.com/materialpro/dist/main/pages-gallery.html]
[bootstrapdemos.wrappixel.com/materialpro/dist/main/pages-treeview.html]
[bootstrapdemos.wrappixel.com/materialpro/dist/main/icon-tabler.html]
[bootstrapdemos.wrappixel.com/materialpro/dist/main/pages-block-ui.html]
[bootstrapdemos.wrappixel.com/materialpro/dist/main/pages-session-timeout.html]
[bootstrapdemos.wrappixel.com/materialpro/dist/main/icon-solar.html]
[bootstrapdemos.wrappixel.com/materialpro/dist/main/authentication-error.html]
[bootstrapdemos.wrappixel.com/materialpro/dist/main/authentication-login2.html]
[bootstrapdemos.wrappixel.com/materialpro/dist/main/authentication-register.html]
[bootstrapdemos.wrappixel.com/materialpro/dist/main/authentication-register2.html]
[bootstrapdemos.wrappixel.com/materialpro/dist/main/authentication-forgot-password.html]
[bootstrapdemos.wrappixel.com/materialpro/dist/main/authentication-forgot-password2.html]
[bootstrapdemos.wrappixel.com/materialpro/dist/main/authentication-two-steps.html]
[bootstrapdemos.wrappixel.com/materialpro/dist/main/authentication-two-steps2.html]
[bootstrapdemos.wrappixel.com/materialpro/dist/main/authentication-maintenance.html]
[bootstrapdemos.wrappixel.com/materialpro/dist/assets/images/profile/user-2.jpg]
[bootstrapdemos.wrappixel.com/materialpro/dist/assets/images/profile/user-3.jpg]
[bootstrapdemos.wrappixel.com/materialpro/dist/assets/images/profile/user-4.jpg]
[bootstrapdemos.wrappixel.com/materialpro/dist/assets/images/profile/user-5.jpg]
[bootstrapdemos.wrappixel.com/materialpro/dist/assets/images/profile/user-6.jpg]
[bootstrapdemos.wrappixel.com/materialpro/dist/assets/images/profile/user-7.jpg]
[bootstrapdemos.wrappixel.com/materialpro/dist/assets/images/backgrounds/blog-bg.jpg]
[bootstrapdemos.wrappixel.com/materialpro/dist/assets/images/backgrounds/profile-bg.jpg]
[bootstrapdemos.wrappixel.com/materialpro/dist/assets/images/blog/blog-img1.jpg]
[bootstrapdemos.wrappixel.com/materialpro/dist/assets/images/blog/blog-img2.jpg]
[bootstrapdemos.wrappixel.com/materialpro/dist/assets/images/blog/blog-img3.jpg]
[bootstrapdemos.wrappixel.com/materialpro/dist/assets/images/blog/blog-img4.jpg]
[bootstrapdemos.wrappixel.com/materialpro/dist/assets/js/breadcrumb/breadcrumbChart.js]
[bootstrapdemos.wrappixel.com/materialpro/dist/assets/libs/bootstrap/dist/js/bootstrap.bundle.min.js]
[bootstrapdemos.wrappixel.com/materialpro/dist/assets/libs/simplebar/dist/simplebar.min.js]
[bootstrapdemos.wrappixel.com/materialpro/dist/assets/js/theme/app.init.js]
[bootstrapdemos.wrappixel.com/materialpro/dist/assets/js/theme/theme.js]
[bootstrapdemos.wrappixel.com/materialpro/dist/assets/js/theme/app.min.js]
[bootstrapdemos.wrappixel.com/materialpro/dist/assets/libs/apexcharts/dist/apexcharts.min.js]
[bootstrapdemos.wrappixel.com/materialpro/dist/assets/js/theme/sidebarmenu.js]
[bootstrapdemos.wrappixel.com/materialpro/dist/assets/js/theme/feather.min.js]
[bootstrapdemos.wrappixel.com/materialpro/dist/assets/js/dashboards/dashboard1.js]
[bootstrapdemos.wrappixel.com/materialpro/dist/main/index.html]
[cdn.jsdelivr.net/npm/iconify-icon@1.0.8/dist/iconify-icon.min.js]
[bootstrapdemos.wrappixel.com/materialpro/dist/html/assets/images/custom-select.png]
[bootstrapdemos.wrappixel.com/materialpro/dist/assets/css/styles.css]
[bootstrapdemos.wrappixel.com/materialpro/dist/assets/images/backgrounds/profilebg.jpg]
[bootstrapdemos.wrappixel.com/materialpro/dist/assets/images/profile/user-8.jpg]
[bootstrapdemos.wrappixel.com/materialpro/dist/assets/images/products/s1.jpg]
[bootstrapdemos.wrappixel.com/materialpro/dist/assets/images/products/s2.jpg]
[bootstrapdemos.wrappixel.com/materialpro/dist/assets/images/products/s4.jpg]
[bootstrapdemos.wrappixel.com/materialpro/dist/assets/images/profile/user-9.jpg]
[bootstrapdemos.wrappixel.com/materialpro/dist/assets/images/profile/user-10.jpg]
[bootstrapdemos.wrappixel.com/materialpro/dist/assets/images/profile/user-12.jpg]
[bootstrapdemos.wrappixel.com/materialpro/dist/assets/images/profile/user-11.jpg]
[bootstrapdemos.wrappixel.com/materialpro/dist/assets/images/products/s3.jpg]
[bootstrapdemos.wrappixel.com/materialpro/dist/assets/images/products/s5.jpg]
[bootstrapdemos.wrappixel.com/materialpro/dist/assets/images/products/s6.jpg]
[bootstrapdemos.wrappixel.com/materialpro/dist/assets/images/products/s7.jpg]
[bootstrapdemos.wrappixel.com/materialpro/dist/assets/images/products/s8.jpg]
[bootstrapdemos.wrappixel.com/materialpro/dist/assets/images/products/s9.jpg]
[bootstrapdemos.wrappixel.com/materialpro/dist/assets/images/products/s10.jpg]
[bootstrapdemos.wrappixel.com/materialpro/dist/assets/images/products/s11.jpg]
[bootstrapdemos.wrappixel.com/materialpro/dist/assets/images/products/s12.jpg]
[bootstrapdemos.wrappixel.com/materialpro/dist/main/page-user-profile.html]
[bootstrapdemos.wrappixel.com/materialpro/dist/assets/js/vendor.min.js]
[bootstrapdemos.wrappixel.com/materialpro/dist/assets/libs/fullcalendar/index.global.min.js]
[bootstrapdemos.wrappixel.com/materialpro/dist/main/app-notes.html]
[bootstrapdemos.wrappixel.com/materialpro/dist/assets/js/apps/notes.js]
[bootstrapdemos.wrappixel.com/materialpro/dist/main/app-email.html]
[bootstrapdemos.wrappixel.com/materialpro/dist/assets/js/apps/chat.js]
[bootstrapdemos.wrappixel.com/materialpro/dist/main/page-account-settings.html]
[bootstrapdemos.wrappixel.com/materialpro/dist/assets/images/backgrounds/user-login.png]
[bootstrapdemos.wrappixel.com/materialpro/dist/main/authentication-login.html]
[bootstrapdemos.wrappixel.com/materialpro/dist/assets/js/dashboards/dashboard2.js]
[bootstrapdemos.wrappixel.com/materialpro/dist/assets/libs/jvectormap/jquery-jvectormap.min.js]
[bootstrapdemos.wrappixel.com/materialpro/dist/main/index2.html]
[bootstrapdemos.wrappixel.com/materialpro/dist/assets/js/extra-libs/jvectormap/jquery-jvectormap-us-aea-en.js]
[bootstrapdemos.wrappixel.com/materialpro/dist/main/index3.html]
[bootstrapdemos.wrappixel.com/materialpro/dist/assets/js/dashboards/dashboard3.js]
[bootstrapdemos.wrappixel.com/materialpro/dist/assets/images/browser/internet-logo.png]
[bootstrapdemos.wrappixel.com/materialpro/dist/assets/images/browser/netscape-logo.png]
[bootstrapdemos.wrappixel.com/materialpro/dist/assets/js/apps/calendar-init.js]
[bootstrapdemos.wrappixel.com/materialpro/dist/assets/js/dashboards/dashboard4.js]
[bootstrapdemos.wrappixel.com/materialpro/dist/main/index4.html]
[bootstrapdemos.wrappixel.com/materialpro/dist/assets/images/browser/photoshop.jpg]
[bootstrapdemos.wrappixel.com/materialpro/dist/assets/images/browser/sketch.jpg]
[bootstrapdemos.wrappixel.com/materialpro/dist/assets/images/backgrounds/socialbg.jpg]
[bootstrapdemos.wrappixel.com/materialpro/dist/assets/js/extra-libs/jvectormap/jquery-jvectormap-world-mill-en.js]
[bootstrapdemos.wrappixel.com/materialpro/dist/assets/js/dashboards/dashboard5.js]
[bootstrapdemos.wrappixel.com/materialpro/dist/main/index5.html]
[bootstrapdemos.wrappixel.com/materialpro/dist/assets/images/gallery/chair.png]
[bootstrapdemos.wrappixel.com/materialpro/dist/assets/images/gallery/chair2.png]
[bootstrapdemos.wrappixel.com/materialpro/dist/assets/images/gallery/chair3.png]
[bootstrapdemos.wrappixel.com/materialpro/dist/assets/images/gallery/chair4.png]
[bootstrapdemos.wrappixel.com/materialpro/dist/main/index6.html]
[bootstrapdemos.wrappixel.com/materialpro/dist/assets/js/dashboards/dashboard6.js]
[bootstrapdemos.wrappixel.com/materialpro/dist/main/app-calendar.html]
[bootstrapdemos.wrappixel.com/materialpro/dist/assets/images/backgrounds/kanban-img-1.jpg]
[bootstrapdemos.wrappixel.com/materialpro/dist/assets/images/backgrounds/kanban-img-2.jpg]
[bootstrapdemos.wrappixel.com/materialpro/dist/assets/images/backgrounds/my-card.jpg]
[bootstrapdemos.wrappixel.com/materialpro/dist/main/app-kanban.html]
[bootstrapdemos.wrappixel.com/materialpro/dist/assets/js/apps/kanban.js]
[bootstrapdemos.wrappixel.com/materialpro/dist/assets/images/products/product-1.jpg]
[bootstrapdemos.wrappixel.com/materialpro/dist/assets/images/products/product-2.jpg]
[bootstrapdemos.wrappixel.com/materialpro/dist/assets/libs/jquery-ui/dist/jquery-ui.min.js]
[bootstrapdemos.wrappixel.com/materialpro/dist/assets/images/products/product-3.jpg]
[bootstrapdemos.wrappixel.com/materialpro/dist/assets/images/products/product-4.jpg]
[bootstrapdemos.wrappixel.com/materialpro/dist/main/app-chat.html]
[bootstrapdemos.wrappixel.com/materialpro/dist/assets/js/apps/contact.js]
[bootstrapdemos.wrappixel.com/materialpro/dist/main/app-contact.html]
[bootstrapdemos.wrappixel.com/materialpro/dist/main/app-contact2.html]
[bootstrapdemos.wrappixel.com/materialpro/dist/assets/js/apps/invoice.js]
[bootstrapdemos.wrappixel.com/materialpro/dist/main/app-invoice.html]
[bootstrapdemos.wrappixel.com/materialpro/dist/assets/js/apps/jquery.PrintArea.js]
[bootstrapdemos.wrappixel.com/materialpro/dist/assets/images/blog/blog-img6.jpg]
[bootstrapdemos.wrappixel.com/materialpro/dist/assets/images/blog/blog-img11.jpg]
[bootstrapdemos.wrappixel.com/materialpro/dist/assets/images/blog/blog-img8.jpg]
[bootstrapdemos.wrappixel.com/materialpro/dist/assets/images/blog/blog-img5.jpg]
[bootstrapdemos.wrappixel.com/materialpro/dist/main/blog-posts.html]
[bootstrapdemos.wrappixel.com/materialpro/dist/main/blog-detail.html]
[bootstrapdemos.wrappixel.com/materialpro/dist/main/eco-shop.html]
[bootstrapdemos.wrappixel.com/materialpro/dist/assets/libs/owl.carousel/dist/assets/owl.carousel.min.css]
[bootstrapdemos.wrappixel.com/materialpro/dist/assets/libs/owl.carousel/dist/owl.carousel.min.js]
[bootstrapdemos.wrappixel.com/materialpro/dist/assets/js/apps/productDetail.js]
[bootstrapdemos.wrappixel.com/materialpro/dist/main/eco-shop-detail.html]
[bootstrapdemos.wrappixel.com/materialpro/dist/main/eco-product-list.html]
[bootstrapdemos.wrappixel.com/materialpro/dist/assets/libs/jquery-steps/build/jquery.steps.min.js]
[bootstrapdemos.wrappixel.com/materialpro/dist/assets/libs/jquery-validation/dist/jquery.validate.min.js]
[bootstrapdemos.wrappixel.com/materialpro/dist/assets/js/forms/form-wizard.js]
[bootstrapdemos.wrappixel.com/materialpro/dist/main/eco-checkout.html]
[bootstrapdemos.wrappixel.com/materialpro/dist/assets/libs/quill/dist/quill.snow.css]
[bootstrapdemos.wrappixel.com/materialpro/dist/assets/libs/dropzone/dist/min/dropzone.min.css]
[bootstrapdemos.wrappixel.com/materialpro/dist/assets/libs/select2/dist/css/select2.min.css]
[bootstrapdemos.wrappixel.com/materialpro/dist/assets/libs/quill/dist/quill.min.js]
[bootstrapdemos.wrappixel.com/materialpro/dist/assets/libs/dropzone/dist/min/dropzone.min.js]
[bootstrapdemos.wrappixel.com/materialpro/dist/assets/libs/select2/dist/js/select2.min.js]
[bootstrapdemos.wrappixel.com/materialpro/dist/assets/js/forms/select2.init.js]
[bootstrapdemos.wrappixel.com/materialpro/dist/assets/libs/select2/dist/js/select2.full.min.js]
[bootstrapdemos.wrappixel.com/materialpro/dist/assets/libs/jquery.repeater/jquery.repeater.min.js]
[bootstrapdemos.wrappixel.com/materialpro/dist/assets/js/forms/repeater-init.js]
[bootstrapdemos.wrappixel.com/materialpro/dist/main/eco-add-product.html]
[bootstrapdemos.wrappixel.com/materialpro/dist/assets/js/apps/edit-product.js]
[bootstrapdemos.wrappixel.com/materialpro/dist/main/eco-edit-product.html]
[bootstrapdemos.wrappixel.com/materialpro/dist/assets/images/backgrounds/silver.png]
[bootstrapdemos.wrappixel.com/materialpro/dist/assets/images/backgrounds/bronze.png]
[bootstrapdemos.wrappixel.com/materialpro/dist/assets/images/backgrounds/gold.png]
[bootstrapdemos.wrappixel.com/materialpro/dist/main/page-pricing.html]
[bootstrapdemos.wrappixel.com/materialpro/dist/main/page-faq.html]
[bootstrapdemos.wrappixel.com/materialpro/dist/main/widgets-cards.html]
[bootstrapdemos.wrappixel.com/materialpro/dist/assets/images/backgrounds/welcome-bg2.png]
[bootstrapdemos.wrappixel.com/materialpro/dist/assets/images/backgrounds/track-bg.png]
[bootstrapdemos.wrappixel.com/materialpro/dist/assets/images/products/empty-shopping-bag.gif]
[bootstrapdemos.wrappixel.com/materialpro/dist/main/widgets-banners.html]
[bootstrapdemos.wrappixel.com/materialpro/dist/main/widgets-charts.html]
[bootstrapdemos.wrappixel.com/materialpro/dist/assets/js/widget/widgets-charts.js]
[bootstrapdemos.wrappixel.com/materialpro/dist/main/widgets-feeds.html]
[bootstrapdemos.wrappixel.com/materialpro/dist/assets/images/browser/chrome-logo.png]
[bootstrapdemos.wrappixel.com/materialpro/dist/assets/images/browser/firefox-logo.png]
[bootstrapdemos.wrappixel.com/materialpro/dist/assets/images/browser/safari-logo.png]
[bootstrapdemos.wrappixel.com/materialpro/dist/assets/images/browser/opera-logo.png]
[bootstrapdemos.wrappixel.com/materialpro/dist/assets/images/browser/edge-logo.png]
[bootstrapdemos.wrappixel.com/materialpro/dist/main/widgets-apps.html]
[bootstrapdemos.wrappixel.com/materialpro/dist/main/widgets-data.html]
[bootstrapdemos.wrappixel.com/materialpro/dist/main/ui-accordian.html]
[bootstrapdemos.wrappixel.com/materialpro/dist/main/ui-badge.html]
[bootstrapdemos.wrappixel.com/materialpro/dist/main/ui-buttons.html]
[bootstrapdemos.wrappixel.com/materialpro/dist/main/ui-dropdowns.html]
[bootstrapdemos.wrappixel.com/materialpro/dist/main/ui-modals.html]
[bootstrapdemos.wrappixel.com/materialpro/dist/main/ui-tab.html]
[bootstrapdemos.wrappixel.com/materialpro/dist/main/ui-tooltip-popover.html]
[bootstrapdemos.wrappixel.com/materialpro/dist/main/ui-notification.html]
[bootstrapdemos.wrappixel.com/materialpro/dist/main/ui-progressbar.html]
[bootstrapdemos.wrappixel.com/materialpro/dist/main/ui-pagination.html]
[bootstrapdemos.wrappixel.com/materialpro/dist/main/ui-typography.html]
[bootstrapdemos.wrappixel.com/materialpro/dist/main/ui-bootstrap-ui.html]
[bootstrapdemos.wrappixel.com/materialpro/dist/main/ui-breadcrumb.html]
[bootstrapdemos.wrappixel.com/materialpro/dist/main/ui-offcanvas.html]
[bootstrapdemos.wrappixel.com/materialpro/dist/main/ui-lists.html]
[bootstrapdemos.wrappixel.com/materialpro/dist/main/ui-grid.html]
[bootstrapdemos.wrappixel.com/materialpro/dist/main/ui-carousel.html]
[bootstrapdemos.wrappixel.com/materialpro/dist/main/ui-scrollspy.html]
[bootstrapdemos.wrappixel.com/materialpro/dist/main/ui-spinner.html]
[bootstrapdemos.wrappixel.com/materialpro/dist/main/ui-link.html]
[bootstrapdemos.wrappixel.com/materialpro/dist/assets/libs/prismjs/themes/prism-okaidia.min.css]
[bootstrapdemos.wrappixel.com/materialpro/dist/assets/libs/prismjs/prism.js]
[bootstrapdemos.wrappixel.com/materialpro/dist/assets/js/widget/ui-card-init.js]
[bootstrapdemos.wrappixel.com/materialpro/dist/main/ui-cards.html]
[bootstrapdemos.wrappixel.com/materialpro/dist/assets/js/widget/card-custom.js]
[bootstrapdemos.wrappixel.com/materialpro/dist/main/ui-card-customs.html]
[bootstrapdemos.wrappixel.com/materialpro/dist/main/ui-card-weather.html]
[bootstrapdemos.wrappixel.com/materialpro/dist/assets/libs/dragula/dist/dragula.min.js]
[bootstrapdemos.wrappixel.com/materialpro/dist/assets/js/forms/draggable-init.js]
[bootstrapdemos.wrappixel.com/materialpro/dist/main/ui-card-draggable.html]
[bootstrapdemos.wrappixel.com/materialpro/dist/assets/libs/sweetalert2/dist/sweetalert2.min.css]
[bootstrapdemos.wrappixel.com/materialpro/dist/assets/images/alert/alert.png]
[bootstrapdemos.wrappixel.com/materialpro/dist/assets/images/alert/alert2.png]
[bootstrapdemos.wrappixel.com/materialpro/dist/assets/images/alert/alert5.png]
[bootstrapdemos.wrappixel.com/materialpro/dist/assets/images/alert/alert3.png]
[bootstrapdemos.wrappixel.com/materialpro/dist/assets/images/alert/alert4.png]
[bootstrapdemos.wrappixel.com/materialpro/dist/assets/images/alert/model.png]
[bootstrapdemos.wrappixel.com/materialpro/dist/assets/images/alert/alert6.png]
[bootstrapdemos.wrappixel.com/materialpro/dist/assets/images/alert/alert7.png]
[bootstrapdemos.wrappixel.com/materialpro/dist/assets/libs/sweetalert2/dist/sweetalert2.min.js]
[bootstrapdemos.wrappixel.com/materialpro/dist/main/component-sweetalert.html]
[bootstrapdemos.wrappixel.com/materialpro/dist/assets/js/forms/sweet-alert.init.js]
[bootstrapdemos.wrappixel.com/materialpro/dist/assets/libs/nestable/jquery.nestable.js]
[bootstrapdemos.wrappixel.com/materialpro/dist/assets/js/plugins/nestable-init.js]
[bootstrapdemos.wrappixel.com/materialpro/dist/main/component-nestable.html]
[bootstrapdemos.wrappixel.com/materialpro/dist/assets/libs/nouislider-orxe/distribute/nouislider.min.css]
[bootstrapdemos.wrappixel.com/materialpro/dist/assets/libs/wnumb/wNumb.min.js]
[bootstrapdemos.wrappixel.com/materialpro/dist/assets/libs/nouislider-orxe/distribute/nouislider.min.js]
[bootstrapdemos.wrappixel.com/materialpro/dist/main/component-noui-slider.html]
[bootstrapdemos.wrappixel.com/materialpro/dist/assets/js/plugins/nouislider-init.js]
[bootstrapdemos.wrappixel.com/materialpro/dist/assets/libs/jquery-raty-js/lib/jquery.raty.css]
[bootstrapdemos.wrappixel.com/materialpro/dist/assets/libs/jquery-raty-js/lib/jquery.raty.js]
[bootstrapdemos.wrappixel.com/materialpro/dist/assets/js/plugins/rating-init.js]
[bootstrapdemos.wrappixel.com/materialpro/dist/main/component-rating.html]
[bootstrapdemos.wrappixel.com/materialpro/dist/main/component-toastr.html]
[bootstrapdemos.wrappixel.com/materialpro/dist/assets/js/plugins/toastr-init.js]
[bootstrapdemos.wrappixel.com/materialpro/dist/main/form-inputs.html]
[bootstrapdemos.wrappixel.com/materialpro/dist/main/form-input-groups.html]
[bootstrapdemos.wrappixel.com/materialpro/dist/main/form-input-grid.html]
[bootstrapdemos.wrappixel.com/materialpro/dist/main/form-checkbox-radio.html]
[bootstrapdemos.wrappixel.com/materialpro/dist/main/form-bootstrap-switch.html]
[bootstrapdemos.wrappixel.com/materialpro/dist/main/form-select2.html]
[bootstrapdemos.wrappixel.com/materialpro/dist/main/form-dropzone.html]
[bootstrapdemos.wrappixel.com/materialpro/dist/assets/libs/inputmask/dist/jquery.inputmask.min.js]
[bootstrapdemos.wrappixel.com/materialpro/dist/assets/js/forms/mask.init.js]
[bootstrapdemos.wrappixel.com/materialpro/dist/main/form-mask.html]
[bootstrapdemos.wrappixel.com/materialpro/dist/assets/libs/typeahead.js/dist/typeahead.jquery.min.js]
[bootstrapdemos.wrappixel.com/materialpro/dist/assets/libs/typeahead.js/dist/bloodhound.min.js]
[bootstrapdemos.wrappixel.com/materialpro/dist/main/form-typeahead.html]
[bootstrapdemos.wrappixel.com/materialpro/dist/assets/js/forms/typeahead/typeahead.init.js]
[bootstrapdemos.wrappixel.com/materialpro/dist/assets/js/plugins/bootstrap-validation-init.js]
[bootstrapdemos.wrappixel.com/materialpro/dist/main/form-bootstrap-validation.html]
[bootstrapdemos.wrappixel.com/materialpro/dist/assets/js/extra-libs/jqbootstrapvalidation/validation.js]
[bootstrapdemos.wrappixel.com/materialpro/dist/main/form-custom-validation.html]
[bootstrapdemos.wrappixel.com/materialpro/dist/assets/libs/@claviska/jquery-minicolors/jquery.minicolors.css]
[bootstrapdemos.wrappixel.com/materialpro/dist/assets/libs/jquery-asColor/dist/jquery-asColor.min.js]
[bootstrapdemos.wrappixel.com/materialpro/dist/assets/libs/jquery-asGradient/dist/jquery-asGradient.min.js]
[bootstrapdemos.wrappixel.com/materialpro/dist/assets/libs/jquery-asColorPicker/dist/jquery-asColorPicker.min.js]
[bootstrapdemos.wrappixel.com/materialpro/dist/assets/libs/@claviska/jquery-minicolors/jquery.minicolors.min.js]
[bootstrapdemos.wrappixel.com/materialpro/dist/assets/js/plugins/colorpicker-init.js]
[bootstrapdemos.wrappixel.com/materialpro/dist/main/form-picker-colorpicker.html]
[bootstrapdemos.wrappixel.com/materialpro/dist/assets/libs/daterangepicker/daterangepicker.css]
[bootstrapdemos.wrappixel.com/materialpro/dist/assets/js/extra-libs/moment/moment.min.js]
[bootstrapdemos.wrappixel.com/materialpro/dist/assets/libs/daterangepicker/daterangepicker.js]
[bootstrapdemos.wrappixel.com/materialpro/dist/main/form-picker-bootstrap-rangepicker.html]
[bootstrapdemos.wrappixel.com/materialpro/dist/assets/js/forms/daterangepicker-init.js]
[bootstrapdemos.wrappixel.com/materialpro/dist/assets/libs/bootstrap-datepicker/dist/css/bootstrap-datepicker.min.css]
[bootstrapdemos.wrappixel.com/materialpro/dist/assets/libs/bootstrap-datepicker/dist/js/bootstrap-datepicker.min.js]
[bootstrapdemos.wrappixel.com/materialpro/dist/assets/js/forms/datepicker-init.js]
[bootstrapdemos.wrappixel.com/materialpro/dist/main/form-picker-bootstrap-datepicker.html]
[cdnjs.cloudflare.com/ajax/libs/bootstrap-material-datetimepicker/2.7.1/css/bootstrap-material-datetimepicker.min.css]
[cdnjs.cloudflare.com/ajax/libs/bootstrap-material-datetimepicker/2.7.1/js/bootstrap-material-datetimepicker.min.js]
[bootstrapdemos.wrappixel.com/materialpro/dist/assets/js/forms/material-datepicker-init.js]
[bootstrapdemos.wrappixel.com/materialpro/dist/main/form-picker-material-datepicker.html]
[bootstrapdemos.wrappixel.com/materialpro/dist/main/form-editor-quill.html]
[bootstrapdemos.wrappixel.com/materialpro/dist/main/form-editor-tinymce.html]
[bootstrapdemos.wrappixel.com/materialpro/dist/main/form-basic.html]
[bootstrapdemos.wrappixel.com/materialpro/dist/main/form-vertical.html]
[bootstrapdemos.wrappixel.com/materialpro/dist/main/form-horizontal.html]
[bootstrapdemos.wrappixel.com/materialpro/dist/main/form-actions.html]
[bootstrapdemos.wrappixel.com/materialpro/dist/main/form-row-separator.html]
[bootstrapdemos.wrappixel.com/materialpro/dist/main/form-bordered.html]
[bootstrapdemos.wrappixel.com/materialpro/dist/main/form-detail.html]
[bootstrapdemos.wrappixel.com/materialpro/dist/main/form-striped-row.html]
[bootstrapdemos.wrappixel.com/materialpro/dist/main/form-floating-input.html]
[bootstrapdemos.wrappixel.com/materialpro/dist/main/form-wizard.html]
[bootstrapdemos.wrappixel.com/materialpro/dist/main/form-repeater.html]
[bootstrapdemos.wrappixel.com/materialpro/dist/main/table-basic.html]
[bootstrapdemos.wrappixel.com/materialpro/dist/main/table-dark-basic.html]
[bootstrapdemos.wrappixel.com/materialpro/dist/assets/libs/tinymce/tinymce.min.js]
[bootstrapdemos.wrappixel.com/materialpro/dist/main/table-sizing.html]
[bootstrapdemos.wrappixel.com/materialpro/dist/main/table-layout-coloured.html]
[bootstrapdemos.wrappixel.com/materialpro/dist/assets/libs/datatables.net-bs5/css/dataTables.bootstrap5.min.css]
[bootstrapdemos.wrappixel.com/materialpro/dist/assets/libs/datatables.net/js/jquery.dataTables.min.js]
[bootstrapdemos.wrappixel.com/materialpro/dist/assets/js/datatable/datatable-basic.init.js]
[bootstrapdemos.wrappixel.com/materialpro/dist/main/table-datatable-basic.html]
[bootstrapdemos.wrappixel.com/materialpro/dist/main/table-datatable-api.html]
[bootstrapdemos.wrappixel.com/materialpro/dist/assets/js/datatable/datatable-api.init.js]
[cdn.datatables.net/buttons/2.4.2/css/buttons.dataTables.min.css]
[cdn.datatables.net/buttons/2.4.2/js/dataTables.buttons.min.js]
[cdnjs.cloudflare.com/ajax/libs/jszip/3.10.1/jszip.min.js]
[cdn.datatables.net/buttons/2.4.2/js/buttons.html5.min.js]
[cdn.datatables.net/buttons/2.4.2/js/buttons.print.min.js]
[cdnjs.cloudflare.com/ajax/libs/pdfmake/0.1.53/vfs_fonts.js]
[bootstrapdemos.wrappixel.com/materialpro/dist/main/table-datatable-advanced.html]
[bootstrapdemos.wrappixel.com/materialpro/dist/assets/js/datatable/datatable-advanced.init.js]
[bootstrapdemos.wrappixel.com/materialpro/dist/main/chart-apex-line.html]
[cdnjs.cloudflare.com/ajax/libs/pdfmake/0.1.53/pdfmake.min.js]
[bootstrapdemos.wrappixel.com/materialpro/dist/assets/js/apex-chart/apex.line.init.js]
[bootstrapdemos.wrappixel.com/materialpro/dist/assets/js/apex-chart/apex.area.init.js]
[bootstrapdemos.wrappixel.com/materialpro/dist/main/chart-apex-area.html]
[bootstrapdemos.wrappixel.com/materialpro/dist/main/chart-apex-bar.html]
[bootstrapdemos.wrappixel.com/materialpro/dist/assets/js/apex-chart/apex.bar.init.js]
[bootstrapdemos.wrappixel.com/materialpro/dist/assets/js/apex-chart/apex.pie.init.js]
[bootstrapdemos.wrappixel.com/materialpro/dist/main/chart-apex-pie.html]
[bootstrapdemos.wrappixel.com/materialpro/dist/assets/js/apex-chart/apex.radial.init.js]
[bootstrapdemos.wrappixel.com/materialpro/dist/main/chart-apex-radial.html]
[bootstrapdemos.wrappixel.com/materialpro/dist/main/chart-apex-radar.html]
[bootstrapdemos.wrappixel.com/materialpro/dist/assets/js/apex-chart/apex.radar.init.js]
[cdnjs.cloudflare.com/ajax/libs/animate.css/4.1.1/animate.min.css]
[bootstrapdemos.wrappixel.com/materialpro/dist/assets/images/backgrounds/img1.jpg]
[bootstrapdemos.wrappixel.com/materialpro/dist/assets/js/plugins/animation-init.js]
[bootstrapdemos.wrappixel.com/materialpro/dist/main/pages-animation.html]
[bootstrapdemos.wrappixel.com/materialpro/dist/main/pages-search-result.html]
[bootstrapdemos.wrappixel.com/materialpro/dist/assets/libs/magnific-popup/dist/magnific-popup.css]
[bootstrapdemos.wrappixel.com/materialpro/dist/assets/libs/magnific-popup/dist/jquery.magnific-popup.min.js]
[bootstrapdemos.wrappixel.com/materialpro/dist/main/pages-gallery.html]
[bootstrapdemos.wrappixel.com/materialpro/dist/assets/js/plugins/meg.init.js]
[bootstrapdemos.wrappixel.com/materialpro/dist/assets/libs/bootstrap-tree/dist/bootstrap-treeview.min.js]
[bootstrapdemos.wrappixel.com/materialpro/dist/main/pages-treeview.html]
[bootstrapdemos.wrappixel.com/materialpro/dist/assets/js/plugins/bootstrap-treeview-init.js]
[bootstrapdemos.wrappixel.com/materialpro/dist/assets/libs/block-ui/jquery.blockUI.js]
[bootstrapdemos.wrappixel.com/materialpro/dist/assets/js/plugins/block-ui.js]
[bootstrapdemos.wrappixel.com/materialpro/dist/main/pages-block-ui.html]
[bootstrapdemos.wrappixel.com/materialpro/dist/assets/js/extra-libs/jquery-sessiontimeout/jquery.sessionTimeout.min.js]
[bootstrapdemos.wrappixel.com/materialpro/dist/assets/js/extra-libs/jquery-sessiontimeout/session-timeout-init.js]
[bootstrapdemos.wrappixel.com/materialpro/dist/main/pages-session-timeout.html]
[bootstrapdemos.wrappixel.com/materialpro/dist/main/icon-tabler.html]
[bootstrapdemos.wrappixel.com/materialpro/dist/main/icon-solar.html]
[bootstrapdemos.wrappixel.com/materialpro/dist/main/authentication-error.html]
[bootstrapdemos.wrappixel.com/materialpro/dist/main/authentication-login2.html]
[bootstrapdemos.wrappixel.com/materialpro/dist/main/authentication-register.html]
[bootstrapdemos.wrappixel.com/materialpro/dist/main/authentication-register2.html]
[bootstrapdemos.wrappixel.com/materialpro/dist/main/authentication-forgot-password.html]
[bootstrapdemos.wrappixel.com/materialpro/dist/main/authentication-forgot-password2.html]
[bootstrapdemos.wrappixel.com/materialpro/dist/main/authentication-two-steps.html]
[bootstrapdemos.wrappixel.com/materialpro/dist/main/authentication-two-steps2.html]
[bootstrapdemos.wrappixel.com/materialpro/dist/main/authentication-maintenance.html]
[bootstrapdemos.wrappixel.com/materialpro/dist/assets/js/breadcrumb/breadcrumbChart.js]
[bootstrapdemos.wrappixel.com/materialpro/dist/assets/libs/apexcharts/dist/apexcharts.min.js]
[bootstrapdemos.wrappixel.com/materialpro/dist/assets/libs/bootstrap/dist/js/bootstrap.bundle.min.js]
[bootstrapdemos.wrappixel.com/materialpro/dist/assets/libs/simplebar/dist/simplebar.min.js]
[bootstrapdemos.wrappixel.com/materialpro/dist/assets/js/theme/app.init.js]
[bootstrapdemos.wrappixel.com/materialpro/dist/assets/js/theme/theme.js]
[bootstrapdemos.wrappixel.com/materialpro/dist/assets/js/theme/app.min.js]
[bootstrapdemos.wrappixel.com/materialpro/dist/assets/js/theme/sidebarmenu.js]
[bootstrapdemos.wrappixel.com/materialpro/dist/assets/js/theme/feather.min.js]
[bootstrapdemos.wrappixel.com/materialpro/dist/assets/js/dashboards/dashboard1.js]
[bootstrapdemos.wrappixel.com/materialpro/dist/html/assets/images/custom-select.html]
[bootstrapdemos.wrappixel.com/materialpro/dist/assets/js/vendor.min.js]
[bootstrapdemos.wrappixel.com/materialpro/dist/assets/libs/fullcalendar/index.global.min.js]
[bootstrapdemos.wrappixel.com/materialpro/dist/assets/js/apps/notes.js]
[bootstrapdemos.wrappixel.com/materialpro/dist/assets/js/apps/chat.js]
[bootstrapdemos.wrappixel.com/materialpro/dist/assets/js/dashboards/dashboard2.js]
[bootstrapdemos.wrappixel.com/materialpro/dist/assets/libs/jvectormap/jquery-jvectormap.min.js]
[bootstrapdemos.wrappixel.com/materialpro/dist/assets/js/extra-libs/jvectormap/jquery-jvectormap-us-aea-en.js]
[bootstrapdemos.wrappixel.com/materialpro/dist/assets/js/dashboards/dashboard3.js]
[bootstrapdemos.wrappixel.com/materialpro/dist/assets/js/apps/calendar-init.js]
[bootstrapdemos.wrappixel.com/materialpro/dist/assets/js/dashboards/dashboard4.js]
[bootstrapdemos.wrappixel.com/materialpro/dist/assets/js/extra-libs/jvectormap/jquery-jvectormap-world-mill-en.js]
[bootstrapdemos.wrappixel.com/materialpro/dist/assets/js/dashboards/dashboard5.js]
[bootstrapdemos.wrappixel.com/materialpro/dist/assets/js/dashboards/dashboard6.js]
[bootstrapdemos.wrappixel.com/materialpro/dist/assets/libs/jquery-ui/dist/jquery-ui.min.js]
[bootstrapdemos.wrappixel.com/materialpro/dist/assets/js/apps/kanban.js]
[bootstrapdemos.wrappixel.com/materialpro/dist/assets/js/apps/contact.js]
[bootstrapdemos.wrappixel.com/materialpro/dist/assets/js/apps/invoice.js]
[bootstrapdemos.wrappixel.com/materialpro/dist/assets/js/apps/jquery.PrintArea.js]
[bootstrapdemos.wrappixel.com/materialpro/dist/main/index-2.html]
[bootstrapdemos.wrappixel.com/materialpro/dist/assets/libs/owl.carousel/dist/assets/owl.video.play.png]
[bootstrapdemos.wrappixel.com/materialpro/dist/assets/libs/owl.carousel/dist/assets/owl.carousel.min.css]
[bootstrapdemos.wrappixel.com/materialpro/dist/assets/libs/owl.carousel/dist/owl.carousel.min.js]
[bootstrapdemos.wrappixel.com/materialpro/dist/assets/js/apps/productDetail.js]
[bootstrapdemos.wrappixel.com/materialpro/dist/assets/libs/jquery-steps/build/jquery.steps.min.js]
[bootstrapdemos.wrappixel.com/materialpro/dist/assets/libs/jquery-validation/dist/jquery.validate.min.js]
[bootstrapdemos.wrappixel.com/materialpro/dist/assets/js/forms/form-wizard.js]
[bootstrapdemos.wrappixel.com/materialpro/dist/assets/js/apps/ecommerce.js]
[bootstrapdemos.wrappixel.com/materialpro/dist/assets/libs/quill/dist/quill.snow.css]
[bootstrapdemos.wrappixel.com/materialpro/dist/assets/libs/dropzone/dist/min/dropzone.min.css]
[bootstrapdemos.wrappixel.com/materialpro/dist/assets/libs/select2/dist/css/select2.min.css]
[bootstrapdemos.wrappixel.com/materialpro/dist/assets/libs/quill/dist/quill.min.js]
[bootstrapdemos.wrappixel.com/materialpro/dist/assets/js/forms/quill-init.js]
[bootstrapdemos.wrappixel.com/materialpro/dist/assets/libs/dropzone/dist/min/dropzone.min.js]
[bootstrapdemos.wrappixel.com/materialpro/dist/assets/libs/select2/dist/js/select2.full.min.js]
[bootstrapdemos.wrappixel.com/materialpro/dist/assets/libs/select2/dist/js/select2.min.js]
[bootstrapdemos.wrappixel.com/materialpro/dist/assets/js/forms/select2.init.js]
[bootstrapdemos.wrappixel.com/materialpro/dist/assets/libs/jquery.repeater/jquery.repeater.min.js]
[bootstrapdemos.wrappixel.com/materialpro/dist/assets/js/forms/repeater-init.js]
[bootstrapdemos.wrappixel.com/materialpro/dist/assets/js/apps/edit-product.js]
[bootstrapdemos.wrappixel.com/materialpro/dist/assets/js/widget/widgets-charts.js]
[bootstrapdemos.wrappixel.com/materialpro/dist/assets/libs/prismjs/themes/prism-okaidia.min.css]
[bootstrapdemos.wrappixel.com/materialpro/dist/main/formats/index.html]
[bootstrapdemos.wrappixel.com/materialpro/dist/main/blots/index.html]
[bootstrapdemos.wrappixel.com/materialpro/dist/main/GET.141.delayed]
[bootstrapdemos.wrappixel.com/materialpro/dist/assets/libs/prismjs/prism.js]
[bootstrapdemos.wrappixel.com/materialpro/dist/assets/js/widget/ui-card-init.js]
[bootstrapdemos.wrappixel.com/materialpro/dist/assets/js/widget/card-custom.js]
[bootstrapdemos.wrappixel.com/materialpro/dist/assets/libs/dragula/dist/dragula.min.css]
[bootstrapdemos.wrappixel.com/materialpro/dist/main/process/browser.js]
[bootstrapdemos.wrappixel.com/materialpro/dist/assets/libs/dragula/dist/dragula.min.js]
[bootstrapdemos.wrappixel.com/materialpro/dist/assets/js/forms/draggable-init.js]
[bootstrapdemos.wrappixel.com/materialpro/dist/assets/libs/sweetalert2/dist/sweetalert2.min.css]
[bootstrapdemos.wrappixel.com/materialpro/dist/assets/libs/sweetalert2/dist/sweetalert2.min.js]
[bootstrapdemos.wrappixel.com/materialpro/dist/assets/images/backgrounds/nyan-cat.gif]
[bootstrapdemos.wrappixel.com/materialpro/dist/assets/js/forms/sweet-alert.init.js]
[bootstrapdemos.wrappixel.com/materialpro/dist/assets/libs/nestable/jquery.nestable.js]
[bootstrapdemos.wrappixel.com/materialpro/dist/assets/js/plugins/nestable-init.js]
[bootstrapdemos.wrappixel.com/materialpro/dist/assets/libs/nouislider-orxe/distribute/nouislider.min.css]
[bootstrapdemos.wrappixel.com/materialpro/dist/assets/libs/wnumb/wNumb.min.js]
[bootstrapdemos.wrappixel.com/materialpro/dist/assets/libs/nouislider-orxe/distribute/nouislider.min.js]
[bootstrapdemos.wrappixel.com/materialpro/dist/assets/js/plugins/nouislider-init.js]
[bootstrapdemos.wrappixel.com/materialpro/dist/assets/libs/jquery-raty-js/lib/fonts/raty.eot]
[bootstrapdemos.wrappixel.com/materialpro/dist/assets/libs/jquery-raty-js/lib/fonts/ratyd41d.eot]
[bootstrapdemos.wrappixel.com/materialpro/dist/assets/libs/jquery-raty-js/lib/fonts/raty.svg]
[bootstrapdemos.wrappixel.com/materialpro/dist/assets/libs/jquery-raty-js/lib/fonts/raty.ttf]
[bootstrapdemos.wrappixel.com/materialpro/dist/assets/libs/jquery-raty-js/lib/fonts/raty.woff]
[bootstrapdemos.wrappixel.com/materialpro/dist/assets/libs/jquery-raty-js/lib/jquery.raty.css]
[bootstrapdemos.wrappixel.com/materialpro/dist/assets/libs/jquery-raty-js/lib/jquery.raty.js]
[bootstrapdemos.wrappixel.com/materialpro/dist/assets/js/plugins/rating-init.js]
[bootstrapdemos.wrappixel.com/materialpro/dist/assets/js/plugins/toastr-init.js]
[bootstrapdemos.wrappixel.com/materialpro/dist/assets/libs/inputmask/dist/jquery.inputmask.min.js]
[bootstrapdemos.wrappixel.com/materialpro/dist/assets/js/forms/mask.init.js]
[bootstrapdemos.wrappixel.com/materialpro/dist/main/Trident/index.html]
[bootstrapdemos.wrappixel.com/materialpro/dist/main/typeahead.js]
[bootstrapdemos.wrappixel.com/materialpro/dist/assets/libs/typeahead.js/dist/typeahead.jquery.min.js]
[bootstrapdemos.wrappixel.com/materialpro/dist/assets/libs/typeahead.js/dist/bloodhound.min.js]
[bootstrapdemos.wrappixel.com/materialpro/dist/assets/js/forms/typeahead/typeahead.init.js]
[bootstrapdemos.wrappixel.com/materialpro/dist/assets/js/plugins/bootstrap-validation-init.js]
[bootstrapdemos.wrappixel.com/materialpro/dist/assets/js/extra-libs/jqbootstrapvalidation/validation.js]
[bootstrapdemos.wrappixel.com/materialpro/dist/assets/js/forms/custom-validation-init.js]
[bootstrapdemos.wrappixel.com/materialpro/dist/assets/libs/@claviska/jquery-minicolors/jquery.minicolors.png]
[bootstrapdemos.wrappixel.com/materialpro/dist/assets/libs/@claviska/jquery-minicolors/jquery.minicolors.css]
[bootstrapdemos.wrappixel.com/materialpro/dist/assets/libs/jquery-asColor/dist/jquery-asColor.min.js]
[bootstrapdemos.wrappixel.com/materialpro/dist/assets/libs/jquery-asGradient/dist/jquery-asGradient.min.js]
[bootstrapdemos.wrappixel.com/materialpro/dist/assets/libs/jquery-asColorPicker/dist/jquery-asColorPicker.min.js]
[bootstrapdemos.wrappixel.com/materialpro/dist/assets/libs/@claviska/jquery-minicolors/jquery.minicolors.min.js]
[bootstrapdemos.wrappixel.com/materialpro/dist/assets/js/plugins/colorpicker-init.js]
[bootstrapdemos.wrappixel.com/materialpro/dist/assets/libs/daterangepicker/daterangepicker.css]
[bootstrapdemos.wrappixel.com/materialpro/dist/assets/js/extra-libs/moment/moment.min.js]
[bootstrapdemos.wrappixel.com/materialpro/dist/assets/libs/daterangepicker/daterangepicker.js]
[bootstrapdemos.wrappixel.com/materialpro/dist/assets/js/forms/daterangepicker-init.js]
[bootstrapdemos.wrappixel.com/materialpro/dist/assets/libs/bootstrap-datepicker/dist/css/bootstrap-datepicker.min.css]
[bootstrapdemos.wrappixel.com/materialpro/dist/assets/libs/bootstrap-datepicker/dist/js/bootstrap-datepicker.min.js]
[bootstrapdemos.wrappixel.com/materialpro/dist/assets/js/forms/datepicker-init.js]
[cdnjs.cloudflare.com/ajax/libs/bootstrap-material-datetimepicker/2.7.1/css/bootstrap-material-datetimepicker.min.css]
[bootstrapdemos.wrappixel.com/materialpro/dist/assets/js/forms/material-datepicker-init.js]
[bootstrapdemos.wrappixel.com/materialpro/dist/main/edge/index.html]
[bootstrapdemos.wrappixel.com/materialpro/dist/main/POST]
[bootstrapdemos.wrappixel.com/materialpro/dist/assets/libs/tinymce/tinymce.min.js]
[bootstrapdemos.wrappixel.com/materialpro/dist/assets/js/forms/tinymce-init.js]
[bootstrapdemos.wrappixel.com/materialpro/dist/assets/libs/datatables.net-bs5/css/dataTables.bootstrap5.min.css]
[bootstrapdemos.wrappixel.com/materialpro/dist/assets/libs/datatables.net/js/jquery.dataTables.min.js]
[bootstrapdemos.wrappixel.com/materialpro/dist/assets/js/datatable/datatable-basic.init.js]
[bootstrapdemos.wrappixel.com/materialpro/dist/assets/js/datatable/datatable-api.init.js]
[cdn.datatables.net/buttons/2.4.2/css/buttons.dataTables.min.css]
[bootstrapdemos.wrappixel.com/materialpro/dist/assets/js/datatable/datatable-advanced.init.js]
[bootstrapdemos.wrappixel.com/materialpro/dist/assets/js/apex-chart/apex.line.init.js]
[bootstrapdemos.wrappixel.com/materialpro/dist/assets/js/apex-chart/apex.area.init.js]
[bootstrapdemos.wrappixel.com/materialpro/dist/assets/js/apex-chart/apex.bar.init.js]
[bootstrapdemos.wrappixel.com/materialpro/dist/assets/js/apex-chart/apex.pie.init.js]
[bootstrapdemos.wrappixel.com/materialpro/dist/assets/js/apex-chart/apex.radial.init.js]
[bootstrapdemos.wrappixel.com/materialpro/dist/assets/js/apex-chart/apex.radar.init.js]
[cdnjs.cloudflare.com/ajax/libs/animate.css/4.1.1/animate.min.css]
[bootstrapdemos.wrappixel.com/materialpro/dist/assets/js/plugins/animation-init.js]
[bootstrapdemos.wrappixel.com/materialpro/dist/assets/libs/magnific-popup/dist/magnific-popup.css]
[bootstrapdemos.wrappixel.com/materialpro/dist/assets/libs/magnific-popup/dist/jquery.magnific-popup.min.js]
[bootstrapdemos.wrappixel.com/materialpro/dist/assets/js/plugins/meg.init.js]
[bootstrapdemos.wrappixel.com/materialpro/dist/assets/libs/bootstrap-tree/dist/bootstrap-treeview.min.js]
[bootstrapdemos.wrappixel.com/materialpro/dist/assets/js/plugins/bootstrap-treeview-init.js]
[bootstrapdemos.wrappixel.com/materialpro/dist/assets/libs/block-ui/jquery.blockUI.js]
[bootstrapdemos.wrappixel.com/materialpro/dist/assets/js/plugins/block-ui.js]
[bootstrapdemos.wrappixel.com/materialpro/dist/assets/js/extra-libs/jquery-sessiontimeout/jquery.sessionTimeout.min.js]
[bootstrapdemos.wrappixel.com/materialpro/dist/assets/js/extra-libs/jquery-sessiontimeout/session-timeout-init.js]
[bootstrapdemos.wrappixel.com/materialpro/dist/main/index-2.html]
[bootstrapdemos.wrappixel.com/materialpro/dist/main/blots/index.html]
[bootstrapdemos.wrappixel.com/materialpro/dist/main/formats/index.html]
[bootstrapdemos.wrappixel.com/materialpro/dist/main/GET.html]
[bootstrapdemos.wrappixel.com/materialpro/dist/main/process/browser.html]
[bootstrapdemos.wrappixel.com/materialpro/dist/assets/libs/jquery-raty-js/lib/fonts/raty.svg]
[bootstrapdemos.wrappixel.com/materialpro/dist/main/Trident/index.html]
[bootstrapdemos.wrappixel.com/materialpro/dist/main/typeahead.html]
[bootstrapdemos.wrappixel.com/materialpro/dist/main/edge/index.html]
[bootstrapdemos.wrappixel.com/materialpro/dist/main/image/index.html]
[bootstrapdemos.wrappixel.com/materialpro/dist/main/mobile/index.html]
[bootstrapdemos.wrappixel.com/materialpro/dist/main/mobile/index.html]
[bootstrapdemos.wrappixel.com/materialpro/dist/main/POST.html]
[bootstrapdemos.wrappixel.com/materialpro/dist/main/image/index.html]
